[www.composingprograms.com/index.html]
[backblue.gif]
[fade.gif]
[index.html]
[www.composingprograms.com/projects.html]
[www.composingprograms.com/tutor.html]
[www.composingprograms.com/about.html]
[www.composingprograms.com/pages/11-getting-started.html]
[www.composingprograms.com/versions/v1/index.html]
[www.composingprograms.com/pages/12-elements-of-programming.html]
[www.composingprograms.com/pages/13-defining-new-functions.html]
[www.composingprograms.com/pages/14-designing-functions.html]
[www.composingprograms.com/pages/15-control.html]
[www.composingprograms.com/pages/16-higher-order-functions.html]
[www.composingprograms.com/pages/17-recursive-functions.html]
[www.composingprograms.com/pages/21-introduction.html]
[www.composingprograms.com/pages/22-data-abstraction.html]
[www.composingprograms.com/pages/23-sequences.html]
[www.composingprograms.com/pages/24-mutable-data.html]
[www.composingprograms.com/pages/25-object-oriented-programming.html]
[www.composingprograms.com/pages/26-implementing-classes-and-objects.html]
[www.composingprograms.com/pages/27-object-abstraction.html]
[www.composingprograms.com/pages/28-efficiency.html]
[www.composingprograms.com/pages/29-recursive-objects.html]
[www.composingprograms.com/pages/31-introduction.html]
[www.composingprograms.com/pages/32-functional-programming.html]
[www.composingprograms.com/pages/33-exceptions.html]
[www.composingprograms.com/pages/34-interpreters-for-languages-with-combination.html]
[www.composingprograms.com/pages/35-interpreters-for-languages-with-abstraction.html]
[www.composingprograms.com/pages/41-introduction.html]
[www.composingprograms.com/pages/42-implicit-sequences.html]
[www.composingprograms.com/pages/43-declarative-programming.html]
[www.composingprograms.com/pages/44-logic-programming.html]
[www.composingprograms.com/pages/45-unification.html]
[www.composingprograms.com/pages/46-distributed-computing.html]
[www.composingprograms.com/pages/47-distributed-data-processing.html]
[www.composingprograms.com/pages/48-parallel-computing.html]
[www.composingprograms.com/index.html]
[www.composingprograms.com/theme/css/cp.css]
[www.composingprograms.com/projects.html]
[www.composingprograms.com/tutor.html]
[www.composingprograms.com/about.html]
[www.composingprograms.com/versions/v1/pages/11-getting-started.html]
[www.composingprograms.com/versions/v1/pages/12-elements-of-programming.html]
[www.composingprograms.com/versions/v1/pages/13-defining-new-functions.html]
[www.composingprograms.com/versions/v1/pages/14-designing-functions.html]
[www.composingprograms.com/versions/v1/pages/15-control.html]
[www.composingprograms.com/versions/v1/pages/16-higher-order-functions.html]
[www.composingprograms.com/versions/v1/pages/17-recursive-functions.html]
[www.composingprograms.com/versions/v1/pages/21-introduction.html]
[www.composingprograms.com/versions/v1/pages/22-data-abstraction.html]
[www.composingprograms.com/versions/v1/pages/23-sequences.html]
[www.composingprograms.com/versions/v1/pages/24-mutable-data.html]
[www.composingprograms.com/versions/v1/pages/25-object-oriented-programming.html]
[www.composingprograms.com/versions/v1/pages/26-implementing-classes-and-objects.html]
[www.composingprograms.com/versions/v1/pages/27-recursive-data-structures.html]
[www.composingprograms.com/versions/v1/pages/28-generic-operations.html]
[www.composingprograms.com/versions/v1/pages/31-introduction.html]
[www.composingprograms.com/versions/v1/pages/32-functional-programming.html]
[www.composingprograms.com/versions/v1/pages/33-exceptions.html]
[www.composingprograms.com/versions/v1/pages/34-interpreters-for-languages-with-combination.html]
[www.composingprograms.com/versions/v1/pages/35-interpreters-for-languages-with-abstraction.html]
[www.composingprograms.com/versions/v1/pages/41-introduction.html]
[www.composingprograms.com/versions/v1/pages/42-implicit-sequences.html]
[www.composingprograms.com/versions/v1/pages/43-declarative-programming.html]
[www.composingprograms.com/versions/v1/pages/44-unification.html]
[www.composingprograms.com/versions/v1/pages/45-distributed-computing.html]
[www.composingprograms.com/versions/v1/pages/46-distributed-data-processing.html]
[www.composingprograms.com/versions/v1/pages/47-parallel-computing.html]
[www.composingprograms.com/versions/v1/index.html]
[www.composingprograms.com/theme/tutor/js/jquery-1.8.2.min.js]
[www.composingprograms.com/theme/tutor/js/jquery-ui-1.8.24.custom.min.js]
[www.composingprograms.com/theme/tutor/js/jquery.ba-bbq.min.js]
[www.composingprograms.com/theme/tutor/js/jquery.jsPlumb-1.3.10-all-min.js]
[www.composingprograms.com/theme/tutor/js/codemirror/codemirror.js]
[www.composingprograms.com/theme/tutor/js/codemirror/python.js]
[www.composingprograms.com/theme/tutor/js/d3.v2.min.js]
[www.composingprograms.com/theme/tutor/js/pytutor.js]
[www.composingprograms.com/theme/coding-js/coding.js]
[www.composingprograms.com/theme/js/cp.js]
[cdn.mathjax.org/mathjax/latest/MathJaxdda6.js]
[www.composingprograms.com/pages/11-getting-started.html]
[www.composingprograms.com/img/call_expression.png]
[www.composingprograms.com/img/function_abs.png]
[www.composingprograms.com/img/function_print.png]
[www.composingprograms.com/pages/12-elements-of-programming.html]
[www.composingprograms.com/pages/13-defining-new-functions.html]
[www.composingprograms.com/pages/14-designing-functions.html]
[www.composingprograms.com/pages/15-control.html]
[www.composingprograms.com/img/pi_sum.png]
[www.composingprograms.com/img/newton.png]
[www.composingprograms.com/img/curves.png]
[www.composingprograms.com/pages/16-higher-order-functions.html]
[www.composingprograms.com/pages/17-recursive-functions.html]
[www.composingprograms.com/pages/21-introduction.html]
[www.composingprograms.com/pages/22-data-abstraction.html]
[www.composingprograms.com/pages/23-sequences.html]
[www.composingprograms.com/img/constraints.png]
[www.composingprograms.com/pages/24-mutable-data.html]
[www.composingprograms.com/img/multiple_inheritance.png]
[www.composingprograms.com/pages/25-object-oriented-programming.html]
[www.composingprograms.com/pages/26-implementing-classes-and-objects.html]
[www.composingprograms.com/pages/27-object-abstraction.html]
[www.composingprograms.com/img/fib.png]
[www.composingprograms.com/img/fib_memo.png]
[www.composingprograms.com/pages/28-efficiency.html]
[www.composingprograms.com/img/set_trees.png]
[www.composingprograms.com/pages/29-recursive-objects.html]
[www.composingprograms.com/pages/31-introduction.html]
[www.composingprograms.com/img/star.png]
[www.composingprograms.com/img/sier.png]
[www.composingprograms.com/pages/32-functional-programming.html]
[www.composingprograms.com/pages/33-exceptions.html]
[www.composingprograms.com/examples/scalc/scalc.html]
[www.composingprograms.com/examples/scalc/scheme_reader.py.html]
[www.composingprograms.com/examples/scalc/scheme_tokens.py.html]
[www.composingprograms.com/examples/scalc/buffer.py.html]
[www.composingprograms.com/examples/scalc/scalc.py.html]
[www.composingprograms.com/pages/34-interpreters-for-languages-with-combination.html]
[www.composingprograms.com/img/factorial_machine.png]
[www.composingprograms.com/pages/35-interpreters-for-languages-with-abstraction.html]
[www.composingprograms.com/pages/41-introduction.html]
[www.composingprograms.com/pages/42-implicit-sequences.html]
[www.composingprograms.com/pages/43-declarative-programming.html]
[www.composingprograms.com/pages/44-logic-programming.html]
[www.composingprograms.com/pages/45-unification.html]
[www.composingprograms.com/img/clientserver.png]
[www.composingprograms.com/pages/46-distributed-computing.html]
[www.composingprograms.com/examples/mapreduce/mr.py]
[www.composingprograms.com/pages/47-distributed-data-processing.html]
[www.composingprograms.com/examples/parallel/crawler.py.html]
[www.composingprograms.com/examples/parallel/particle.py.html]
[www.composingprograms.com/img/deadlock.png]
[www.composingprograms.com/pages/48-parallel-computing.html]
[www.composingprograms.com/theme/css/pygment.css]
[www.composingprograms.com/versions/v1/theme/css/cp.css]
[www.composingprograms.com/versions/v1/theme/tutor/js/jquery-1.8.2.min.js]
[www.composingprograms.com/versions/v1/theme/tutor/js/jquery-ui-1.8.24.custom.min.js]
[www.composingprograms.com/versions/v1/theme/tutor/js/jquery.ba-bbq.min.js]
[www.composingprograms.com/versions/v1/theme/tutor/js/jquery.jsPlumb-1.3.10-all-min.js]
[www.composingprograms.com/versions/v1/theme/tutor/js/codemirror/codemirror.js]
[www.composingprograms.com/versions/v1/theme/tutor/js/codemirror/python.js]
[www.composingprograms.com/versions/v1/theme/tutor/js/d3.v2.min.js]
[www.composingprograms.com/versions/v1/theme/tutor/js/pytutor.js]
[www.composingprograms.com/versions/v1/theme/js/tutorize.js]
[www.composingprograms.com/versions/v1/pages/11-getting-started.html]
[www.composingprograms.com/versions/v1/img/call_expression.png]
[www.composingprograms.com/versions/v1/img/expression_tree.png]
[www.composingprograms.com/versions/v1/img/function_abs.png]
[www.composingprograms.com/versions/v1/img/function_print.png]
[www.composingprograms.com/versions/v1/pages/12-elements-of-programming.html]
[www.composingprograms.com/versions/v1/pages/13-defining-new-functions.html]
[www.composingprograms.com/versions/v1/pages/14-designing-functions.html]
[www.composingprograms.com/versions/v1/pages/15-control.html]
[www.composingprograms.com/versions/v1/img/pi_sum.png]
[www.composingprograms.com/versions/v1/img/newton.png]
[www.composingprograms.com/versions/v1/img/curves.png]
[www.composingprograms.com/versions/v1/pages/16-higher-order-functions.html]
[www.composingprograms.com/versions/v1/img/fib.png]
[www.composingprograms.com/versions/v1/pages/17-recursive-functions.html]
[www.composingprograms.com/versions/v1/pages/21-introduction.html]
[www.composingprograms.com/versions/v1/img/barriers.png]
[www.composingprograms.com/versions/v1/pages/22-data-abstraction.html]
[www.composingprograms.com/versions/v1/pages/23-sequences.html]
[www.composingprograms.com/versions/v1/img/constraints.png]
[www.composingprograms.com/versions/v1/pages/24-mutable-data.html]
[www.composingprograms.com/versions/v1/img/multiple_inheritance.png]
[www.composingprograms.com/versions/v1/pages/25-object-oriented-programming.html]
[www.composingprograms.com/versions/v1/pages/26-implementing-classes-and-objects.html]
[www.composingprograms.com/versions/v1/img/set_trees.png]
[www.composingprograms.com/versions/v1/pages/27-recursive-data-structures.html]
[www.composingprograms.com/versions/v1/img/interface.png]
[www.composingprograms.com/versions/v1/pages/28-generic-operations.html]
[www.composingprograms.com/versions/v1/pages/31-introduction.html]
[www.composingprograms.com/versions/v1/img/star.png]
[www.composingprograms.com/versions/v1/img/sier.png]
[www.composingprograms.com/versions/v1/pages/32-functional-programming.html]
[www.composingprograms.com/versions/v1/pages/33-exceptions.html]
[www.composingprograms.com/versions/v1/pages/34-interpreters-for-languages-with-combination.html]
[www.composingprograms.com/versions/v1/img/factorial_machine.png]
[www.composingprograms.com/versions/v1/pages/35-interpreters-for-languages-with-abstraction.html]
[www.composingprograms.com/versions/v1/pages/41-introduction.html]
[www.composingprograms.com/versions/v1/pages/42-implicit-sequences.html]
[www.composingprograms.com/versions/v1/pages/43-declarative-programming.html]
[www.composingprograms.com/versions/v1/pages/44-unification.html]
[www.composingprograms.com/versions/v1/img/clientserver.png]
[www.composingprograms.com/versions/v1/pages/45-distributed-computing.html]
[www.composingprograms.com/versions/v1/pages/46-distributed-data-processing.html]
[www.composingprograms.com/versions/v1/img/deadlock.png]
[www.composingprograms.com/versions/v1/pages/47-parallel-computing.html]
[www.composingprograms.com/theme/tutor/css/pytutor.css]
[www.composingprograms.com/theme/tutor/css/ui-lightness/images/ui-bg_highlight-soft_100_eeeeee_1x100.png]
[www.composingprograms.com/theme/tutor/css/ui-lightness/images/ui-bg_gloss-wave_35_f6a828_500x100.png]
[www.composingprograms.com/theme/tutor/css/ui-lightness/images/ui-bg_glass_100_f6f6f6_1x400.png]
[www.composingprograms.com/theme/tutor/css/ui-lightness/images/ui-bg_glass_65_ffffff_1x400.png]
[www.composingprograms.com/theme/tutor/css/ui-lightness/images/ui-bg_highlight-soft_75_ffe45c_1x100.png]
[www.composingprograms.com/theme/tutor/css/ui-lightness/images/ui-bg_diagonals-thick_18_b81900_40x40.png]
[www.composingprograms.com/theme/tutor/css/ui-lightness/images/ui-icons_222222_256x240.png]
[www.composingprograms.com/theme/tutor/css/ui-lightness/images/ui-icons_ffffff_256x240.png]
[www.composingprograms.com/theme/tutor/css/ui-lightness/images/ui-icons_ef8c08_256x240.png]
[www.composingprograms.com/theme/tutor/css/ui-lightness/images/ui-icons_228ef1_256x240.png]
[www.composingprograms.com/theme/tutor/css/ui-lightness/images/ui-icons_ffd27a_256x240.png]
[www.composingprograms.com/theme/tutor/css/ui-lightness/images/ui-bg_diagonals-thick_20_666666_40x40.png]
[www.composingprograms.com/theme/tutor/css/ui-lightness/images/ui-bg_flat_10_000000_40x100.png]
[www.composingprograms.com/theme/tutor/css/ui-lightness/jquery-ui-1.8.21.custom.css]
[www.composingprograms.com/theme/tutor/css/codemirror.css]
[www.composingprograms.com/theme/coding-js/coding.css]
[www.composingprograms.com/theme/coding-js/index.html]
[www.composingprograms.com/pages/AMSsymbols.html]
[www.composingprograms.com/pages/noErrors.html]
[www.composingprograms.com/pages/mml2jax.html]
[www.composingprograms.com/pages/MathMenu.html]
[www.composingprograms.com/pages/MathZoom.html]
[www.composingprograms.com/examples/scalc/scalc.zip]
[www.composingprograms.com/examples/scalc/ucb.py.html]
[www.composingprograms.com/examples/scalc/scalc.html]
[www.composingprograms.com/examples/scalc/scheme_reader.py]
[www.composingprograms.com/examples/scalc/scheme_reader.py.html]
[www.composingprograms.com/examples/scalc/scheme_tokens.py.html]
[www.composingprograms.com/examples/scalc/scheme_tokens.py]
[www.composingprograms.com/examples/scalc/buffer.py]
[www.composingprograms.com/examples/scalc/buffer.py.html]
[www.composingprograms.com/examples/scalc/scalc.py]
[www.composingprograms.com/examples/scalc/scalc.py.html]
[www.composingprograms.com/examples/parallel/crawler.py]
[www.composingprograms.com/examples/parallel/crawler.py.html]
[www.composingprograms.com/examples/parallel/particle.py]
[www.composingprograms.com/examples/parallel/particle.py.html]
[www.composingprograms.com/versions/v1/theme/css/pygment.css]
[www.composingprograms.com/versions/v1/theme/tutor/css/pytutor.css]
[www.composingprograms.com/versions/v1/theme/tutor/css/ui-lightness/images/ui-bg_highlight-soft_100_eeeeee_1x100.png]
[www.composingprograms.com/versions/v1/theme/tutor/css/ui-lightness/images/ui-bg_gloss-wave_35_f6a828_500x100.png]
[www.composingprograms.com/versions/v1/theme/tutor/css/ui-lightness/images/ui-bg_glass_100_f6f6f6_1x400.png]
[www.composingprograms.com/versions/v1/theme/tutor/css/ui-lightness/images/ui-bg_glass_65_ffffff_1x400.png]
[www.composingprograms.com/versions/v1/theme/tutor/css/ui-lightness/images/ui-bg_highlight-soft_75_ffe45c_1x100.png]
[www.composingprograms.com/versions/v1/theme/tutor/css/ui-lightness/images/ui-bg_diagonals-thick_18_b81900_40x40.png]
[www.composingprograms.com/versions/v1/theme/tutor/css/ui-lightness/images/ui-icons_222222_256x240.png]
[www.composingprograms.com/versions/v1/theme/tutor/css/ui-lightness/images/ui-icons_ffffff_256x240.png]
[www.composingprograms.com/versions/v1/theme/tutor/css/ui-lightness/images/ui-icons_ef8c08_256x240.png]
[www.composingprograms.com/versions/v1/theme/tutor/css/ui-lightness/images/ui-icons_228ef1_256x240.png]
[www.composingprograms.com/versions/v1/theme/tutor/css/ui-lightness/images/ui-icons_ffd27a_256x240.png]
[www.composingprograms.com/versions/v1/theme/tutor/css/ui-lightness/images/ui-bg_diagonals-thick_20_666666_40x40.png]
[www.composingprograms.com/versions/v1/theme/tutor/css/ui-lightness/images/ui-bg_flat_10_000000_40x100.png]
[www.composingprograms.com/versions/v1/theme/tutor/css/ui-lightness/jquery-ui-1.8.21.custom.css]
[www.composingprograms.com/versions/v1/theme/tutor/css/codemirror.css]
[www.composingprograms.com/versions/v1/pages/AMSsymbols.html]
[www.composingprograms.com/versions/v1/pages/noErrors.html]
[www.composingprograms.com/versions/v1/pages/mml2jax.html]
[www.composingprograms.com/versions/v1/pages/MathMenu.html]
[www.composingprograms.com/versions/v1/pages/MathZoom.html]
[www.composingprograms.com/tutor-2.html]
[www.composingprograms.com/versions/v1/examples/scalc/scalc.html]
[www.composingprograms.com/versions/v1/examples/scalc/scheme_reader.py.html]
[www.composingprograms.com/versions/v1/examples/scalc/scheme_tokens.py.html]
[www.composingprograms.com/versions/v1/examples/scalc/buffer.py.html]
[www.composingprograms.com/versions/v1/examples/scalc/scalc.py.html]
[www.composingprograms.com/versions/v1/examples/mapreduce/mr.html]
[www.composingprograms.com/versions/v1/examples/parallel/crawler.py.html]
[www.composingprograms.com/versions/v1/examples/parallel/particle.py.html]
[www.composingprograms.com/examples/scalc/css/assignments.css]
[www.composingprograms.com/examples/scalc/ucb.py]
[www.composingprograms.com/examples/scalc/ucb.py.html]
[www.composingprograms.com/examples/parallel/css/assignments.html]
[www.composingprograms.com/examples/scalc/css/61a_style.css]
